// Jest Snapshot v1, https://goo.gl/fbAQLP

exports[`should render EditPostPage correctly 1`] = `
<div>
  <Link
    replace={false}
    to="/read/2"
  >
    Readable version
  </Link>
  <PostForm
    onPostSubmit={[Function]}
    post={
      Object {
        "content": "Different Content",
        "createdAt": 518400000,
        "id": "2",
        "title": "Other Test Title",
      }
    }
  />
  <button
    onClick={[Function]}
  >
    Remove Post
  </button>
</div>
`;
