// Jest Snapshot v1, https://goo.gl/fbAQLP

exports[`should render EditPostPage correctly 1`] = `
<div>
  <h1>
    Edit Post
  </h1>
  <PostForm
    onPostSubmit={[Function]}
    post={
      Object {
        "content": "Different Content",
        "id": "2",
        "title": "Other Test Title",
      }
    }
  />
  <button
    onClick={[Function]}
  >
    Remove Post
  </button>
</div>
`;
