// Jest Snapshot v1, https://goo.gl/fbAQLP

exports[`should render PostList with empty message 1`] = `
<div>
  <h1>
    Posts
  </h1>
  <h3>
    There are no posts
  </h3>
</div>
`;

exports[`should render PostList with posts 1`] = `
<div>
  <h1>
    Posts
  </h1>
  <PostListItem
    content="Test Post Content"
    createdAt={0}
    id="1"
    key="1"
    title="Test Post Title"
  />
  <PostListItem
    content="Different Content"
    createdAt={518400000}
    id="2"
    key="2"
    title="Other Test Title"
  />
</div>
`;
